CPUs: 10/80, MHz: 3690, Nodes: 1, Sockets: 1, Cores: 80, Threads: 1
