CPUs: 8/8, MHz: 0, Nodes: 1, Sockets: 4, Cores: 2, Threads: 1
